2026-07-23 12:45:54,590 - __main__ - WARNING - Failed to load stylesheet: [Errno 2] No such file or directory: 'assets/style.qss'
2026-07-25 09:06:12,835 - __main__ - WARNING - Failed to load stylesheet: [Errno 2] No such file or directory: 'assets/style.qss'
2026-07-25 09:06:29,652 - __main__ - ERROR - Login transition error
Traceback (most recent call last):
  File "E:\android library managment system\android library management system for gdc11\gdc_desktop\main.py", line 106, in _on_login_success
    self.main_window = MainWindow(self.auth_service, self.fb_service, self.db_helper, self.sync_service, self.directorate_sync)
                       ~~~~~~~~~~^^^^^^^^^^^^^^^^^^^^^^^^^^^^^^^^^^^^^^^^^^^^^^^^^^^^^^^^^^^^^^^^^^^^^^^^^^^^^^^^^^^^^^^^^^^^^^
  File "E:\android library managment system\android library management system for gdc11\gdc_desktop\ui\main_window.py", line 77, in __init__
    self._build_ui()
    ~~~~~~~~~~~~~~^^
  File "E:\android library managment system\android library management system for gdc11\gdc_desktop\ui\main_window.py", line 197, in _build_ui
    self._init_screens()
    ~~~~~~~~~~~~~~~~~~^^
  File "E:\android library managment system\android library management system for gdc11\gdc_desktop\ui\main_window.py", line 228, in _init_screens
    "enterprise":  EnterpriseFeaturesScreen(self.db),
                   ~~~~~~~~~~~~~~~~~~~~~~~~^^^^^^^^^
  File "E:\android library managment system\android library management system for gdc11\gdc_desktop\ui\screens\enterprise_screen.py", line 15, in __init__
    self._build_ui()
    ~~~~~~~~~~~~~~^^
  File "E:\android library managment system\android library management system for gdc11\gdc_desktop\ui\screens\enterprise_screen.py", line 37, in _build_ui
    self._build_ai_procurement(self.tabs)
    ~~~~~~~~~~~~~~~~~~~~~~~~~~^^^^^^^^^^^
  File "E:\android library managment system\android library management system for gdc11\gdc_desktop\ui\screens\enterprise_screen.py", line 243, in _build_ai_procurement
    self.ai_res = QTextEdit()
                  ^^^^^^^^^
NameError: name 'QTextEdit' is not defined
2026-07-25 09:07:04,168 - __main__ - ERROR - Login transition error
Traceback (most recent call last):
  File "E:\android library managment system\android library management system for gdc11\gdc_desktop\main.py", line 106, in _on_login_success
    self.main_window = MainWindow(self.auth_service, self.fb_service, self.db_helper, self.sync_service, self.directorate_sync)
                       ~~~~~~~~~~^^^^^^^^^^^^^^^^^^^^^^^^^^^^^^^^^^^^^^^^^^^^^^^^^^^^^^^^^^^^^^^^^^^^^^^^^^^^^^^^^^^^^^^^^^^^^^
  File "E:\android library managment system\android library management system for gdc11\gdc_desktop\ui\main_window.py", line 77, in __init__
    self._build_ui()
    ~~~~~~~~~~~~~~^^
  File "E:\android library managment system\android library management system for gdc11\gdc_desktop\ui\main_window.py", line 197, in _build_ui
    self._init_screens()
    ~~~~~~~~~~~~~~~~~~^^
  File "E:\android library managment system\android library management system for gdc11\gdc_desktop\ui\main_window.py", line 228, in _init_screens
    "enterprise":  EnterpriseFeaturesScreen(self.db),
                   ~~~~~~~~~~~~~~~~~~~~~~~~^^^^^^^^^
  File "E:\android library managment system\android library management system for gdc11\gdc_desktop\ui\screens\enterprise_screen.py", line 15, in __init__
    self._build_ui()
    ~~~~~~~~~~~~~~^^
  File "E:\android library managment system\android library management system for gdc11\gdc_desktop\ui\screens\enterprise_screen.py", line 37, in _build_ui
    self._build_ai_procurement(self.tabs)
    ~~~~~~~~~~~~~~~~~~~~~~~~~~^^^^^^^^^^^
  File "E:\android library managment system\android library management system for gdc11\gdc_desktop\ui\screens\enterprise_screen.py", line 243, in _build_ai_procurement
    self.ai_res = QTextEdit()
                  ^^^^^^^^^
NameError: name 'QTextEdit' is not defined
2026-07-25 09:13:56,222 - __main__ - WARNING - Failed to load stylesheet: [Errno 2] No such file or directory: 'assets/style.qss'
2026-07-25 09:15:27,717 - __main__ - ERROR - Login transition error
Traceback (most recent call last):
  File "E:\android library managment system\android library management system for gdc11\gdc_desktop\main.py", line 106, in _on_login_success
    self.main_window = MainWindow(self.auth_service, self.fb_service, self.db_helper, self.sync_service, self.directorate_sync)
                       ~~~~~~~~~~^^^^^^^^^^^^^^^^^^^^^^^^^^^^^^^^^^^^^^^^^^^^^^^^^^^^^^^^^^^^^^^^^^^^^^^^^^^^^^^^^^^^^^^^^^^^^^
  File "E:\android library managment system\android library management system for gdc11\gdc_desktop\ui\main_window.py", line 77, in __init__
    self._build_ui()
    ~~~~~~~~~~~~~~^^
  File "E:\android library managment system\android library management system for gdc11\gdc_desktop\ui\main_window.py", line 197, in _build_ui
    self._init_screens()
    ~~~~~~~~~~~~~~~~~~^^
  File "E:\android library managment system\android library management system for gdc11\gdc_desktop\ui\main_window.py", line 230, in _init_screens
    "settings":    SettingsScreen(self.fb, self.auth),
                   ~~~~~~~~~~~~~~^^^^^^^^^^^^^^^^^^^^
  File "E:\android library managment system\android library management system for gdc11\gdc_desktop\ui\screens\settings_screen.py", line 19, in __init__
    self._build_ui()
    ~~~~~~~~~~~~~~^^
  File "E:\android library managment system\android library management system for gdc11\gdc_desktop\ui\screens\settings_screen.py", line 151, in _build_ui
    auto_bkp = QCheckBox("Enable Automated Daily Backups")
               ^^^^^^^^^
NameError: name 'QCheckBox' is not defined
2026-07-25 09:28:12,825 - __main__ - WARNING - Failed to load stylesheet: [Errno 2] No such file or directory: 'assets/style.qss'
2026-07-25 09:28:41,630 - __main__ - ERROR - Login transition error
Traceback (most recent call last):
  File "E:\android library managment system\android library management system for gdc11\gdc_desktop\main.py", line 106, in _on_login_success
    self.main_window = MainWindow(self.auth_service, self.fb_service, self.db_helper, self.sync_service, self.directorate_sync)
                       ~~~~~~~~~~^^^^^^^^^^^^^^^^^^^^^^^^^^^^^^^^^^^^^^^^^^^^^^^^^^^^^^^^^^^^^^^^^^^^^^^^^^^^^^^^^^^^^^^^^^^^^^
  File "E:\android library managment system\android library management system for gdc11\gdc_desktop\ui\main_window.py", line 77, in __init__
    self._build_ui()
    ~~~~~~~~~~~~~~^^
  File "E:\android library managment system\android library management system for gdc11\gdc_desktop\ui\main_window.py", line 197, in _build_ui
    self._init_screens()
    ~~~~~~~~~~~~~~~~~~^^
  File "E:\android library managment system\android library management system for gdc11\gdc_desktop\ui\main_window.py", line 230, in _init_screens
    "settings":    SettingsScreen(self.fb, self.auth),
                   ~~~~~~~~~~~~~~^^^^^^^^^^^^^^^^^^^^
  File "E:\android library managment system\android library management system for gdc11\gdc_desktop\ui\screens\settings_screen.py", line 19, in __init__
    self._build_ui()
    ~~~~~~~~~~~~~~^^
  File "E:\android library managment system\android library management system for gdc11\gdc_desktop\ui\screens\settings_screen.py", line 151, in _build_ui
    auto_bkp = QCheckBox("Enable Automated Daily Backups")
               ^^^^^^^^^
NameError: name 'QCheckBox' is not defined
2026-07-25 10:32:46,469 - __main__ - WARNING - Failed to load stylesheet: [Errno 2] No such file or directory: 'assets/style.qss'
2026-07-25 10:33:28,281 - __main__ - ERROR - Login transition error
Traceback (most recent call last):
  File "E:\android library managment system\android library management system for gdc11\gdc_desktop\main.py", line 106, in _on_login_success
    self.main_window = MainWindow(self.auth_service, self.fb_service, self.db_helper, self.sync_service, self.directorate_sync)
                       ~~~~~~~~~~^^^^^^^^^^^^^^^^^^^^^^^^^^^^^^^^^^^^^^^^^^^^^^^^^^^^^^^^^^^^^^^^^^^^^^^^^^^^^^^^^^^^^^^^^^^^^^
  File "E:\android library managment system\android library management system for gdc11\gdc_desktop\ui\main_window.py", line 77, in __init__
    self._build_ui()
    ~~~~~~~~~~~~~~^^
  File "E:\android library managment system\android library management system for gdc11\gdc_desktop\ui\main_window.py", line 197, in _build_ui
    self._init_screens()
    ~~~~~~~~~~~~~~~~~~^^
  File "E:\android library managment system\android library management system for gdc11\gdc_desktop\ui\main_window.py", line 230, in _init_screens
    "settings":    SettingsScreen(self.fb, self.auth),
                   ~~~~~~~~~~~~~~^^^^^^^^^^^^^^^^^^^^
  File "E:\android library managment system\android library management system for gdc11\gdc_desktop\ui\screens\settings_screen.py", line 19, in __init__
    self._build_ui()
    ~~~~~~~~~~~~~~^^
  File "E:\android library managment system\android library management system for gdc11\gdc_desktop\ui\screens\settings_screen.py", line 151, in _build_ui
    auto_bkp = QCheckBox("Enable Automated Daily Backups")
               ^^^^^^^^^
NameError: name 'QCheckBox' is not defined
2026-07-25 10:33:34,828 - __main__ - ERROR - Login transition error
Traceback (most recent call last):
  File "E:\android library managment system\android library management system for gdc11\gdc_desktop\main.py", line 106, in _on_login_success
    self.main_window = MainWindow(self.auth_service, self.fb_service, self.db_helper, self.sync_service, self.directorate_sync)
                       ~~~~~~~~~~^^^^^^^^^^^^^^^^^^^^^^^^^^^^^^^^^^^^^^^^^^^^^^^^^^^^^^^^^^^^^^^^^^^^^^^^^^^^^^^^^^^^^^^^^^^^^^
  File "E:\android library managment system\android library management system for gdc11\gdc_desktop\ui\main_window.py", line 77, in __init__
    self._build_ui()
    ~~~~~~~~~~~~~~^^
  File "E:\android library managment system\android library management system for gdc11\gdc_desktop\ui\main_window.py", line 197, in _build_ui
    self._init_screens()
    ~~~~~~~~~~~~~~~~~~^^
  File "E:\android library managment system\android library management system for gdc11\gdc_desktop\ui\main_window.py", line 230, in _init_screens
    "settings":    SettingsScreen(self.fb, self.auth),
                   ~~~~~~~~~~~~~~^^^^^^^^^^^^^^^^^^^^
  File "E:\android library managment system\android library management system for gdc11\gdc_desktop\ui\screens\settings_screen.py", line 19, in __init__
    self._build_ui()
    ~~~~~~~~~~~~~~^^
  File "E:\android library managment system\android library management system for gdc11\gdc_desktop\ui\screens\settings_screen.py", line 151, in _build_ui
    auto_bkp = QCheckBox("Enable Automated Daily Backups")
               ^^^^^^^^^
NameError: name 'QCheckBox' is not defined
2026-07-25 11:05:41,988 - __main__ - WARNING - Failed to load stylesheet: [Errno 2] No such file or directory: 'assets/style.qss'
2026-07-25 11:06:07,824 - __main__ - ERROR - Login transition error
Traceback (most recent call last):
  File "E:\android library managment system\android library management system for gdc11\gdc_desktop\main.py", line 106, in _on_login_success
    self.main_window = MainWindow(self.auth_service, self.fb_service, self.db_helper, self.sync_service, self.directorate_sync)
                       ~~~~~~~~~~^^^^^^^^^^^^^^^^^^^^^^^^^^^^^^^^^^^^^^^^^^^^^^^^^^^^^^^^^^^^^^^^^^^^^^^^^^^^^^^^^^^^^^^^^^^^^^
  File "E:\android library managment system\android library management system for gdc11\gdc_desktop\ui\main_window.py", line 77, in __init__
    self._build_ui()
    ~~~~~~~~~~~~~~^^
  File "E:\android library managment system\android library management system for gdc11\gdc_desktop\ui\main_window.py", line 197, in _build_ui
    self._init_screens()
    ~~~~~~~~~~~~~~~~~~^^
  File "E:\android library managment system\android library management system for gdc11\gdc_desktop\ui\main_window.py", line 230, in _init_screens
    "settings":    SettingsScreen(self.fb, self.auth),
                   ~~~~~~~~~~~~~~^^^^^^^^^^^^^^^^^^^^
  File "E:\android library managment system\android library management system for gdc11\gdc_desktop\ui\screens\settings_screen.py", line 19, in __init__
    self._build_ui()
    ~~~~~~~~~~~~~~^^
  File "E:\android library managment system\android library management system for gdc11\gdc_desktop\ui\screens\settings_screen.py", line 151, in _build_ui
    auto_bkp = QCheckBox("Enable Automated Daily Backups")
               ^^^^^^^^^
NameError: name 'QCheckBox' is not defined
2026-07-25 11:22:58,125 - __main__ - WARNING - Failed to load stylesheet: [Errno 2] No such file or directory: 'assets/style.qss'
2026-07-25 11:29:41,851 - __main__ - WARNING - Failed to load stylesheet: [Errno 2] No such file or directory: 'assets/style.qss'
2026-07-25 11:42:36,746 - __main__ - WARNING - Failed to load stylesheet: [Errno 2] No such file or directory: 'assets/style.qss'
2026-07-25 11:42:58,468 - __main__ - ERROR - Login transition error
Traceback (most recent call last):
  File "E:\android library managment system\android library management system for gdc11\gdc_desktop\main.py", line 106, in _on_login_success
    self.main_window = MainWindow(self.auth_service, self.fb_service, self.db_helper, self.sync_service, self.directorate_sync)
                       ~~~~~~~~~~^^^^^^^^^^^^^^^^^^^^^^^^^^^^^^^^^^^^^^^^^^^^^^^^^^^^^^^^^^^^^^^^^^^^^^^^^^^^^^^^^^^^^^^^^^^^^^
  File "E:\android library managment system\android library management system for gdc11\gdc_desktop\ui\main_window.py", line 77, in __init__
    self._build_ui()
    ~~~~~~~~~~~~~~^^
  File "E:\android library managment system\android library management system for gdc11\gdc_desktop\ui\main_window.py", line 197, in _build_ui
    self._init_screens()
    ~~~~~~~~~~~~~~~~~~^^
  File "E:\android library managment system\android library management system for gdc11\gdc_desktop\ui\main_window.py", line 230, in _init_screens
    "settings":    SettingsScreen(self.fb, self.auth),
                   ~~~~~~~~~~~~~~^^^^^^^^^^^^^^^^^^^^
  File "E:\android library managment system\android library management system for gdc11\gdc_desktop\ui\screens\settings_screen.py", line 20, in __init__
    self._build_ui()
    ~~~~~~~~~~~~~~^^
  File "E:\android library managment system\android library management system for gdc11\gdc_desktop\ui\screens\settings_screen.py", line 67, in _build_ui
    self.dir_url.setText(config.DIRECTORATE_API_URL)
                         ^^^^^^
NameError: name 'config' is not defined
2026-07-25 11:50:27,607 - __main__ - WARNING - Failed to load stylesheet: [Errno 2] No such file or directory: 'assets/style.qss'
2026-08-05 17:30:45,418 - __main__ - ERROR - Login transition error
Traceback (most recent call last):
  File "E:\android library managment system\android library management system for gdc11\gdc_desktop\main.py", line 115, in _on_login_success
    self.main_window = MainWindow(self.auth_service, self.fb_service, self.db_helper, self.sync_service, self.directorate_sync)
                       ~~~~~~~~~~^^^^^^^^^^^^^^^^^^^^^^^^^^^^^^^^^^^^^^^^^^^^^^^^^^^^^^^^^^^^^^^^^^^^^^^^^^^^^^^^^^^^^^^^^^^^^^
  File "E:\android library managment system\android library management system for gdc11\gdc_desktop\ui\main_window.py", line 87, in __init__
    self._build_ui()
    ~~~~~~~~~~~~~~^^
  File "E:\android library managment system\android library management system for gdc11\gdc_desktop\ui\main_window.py", line 216, in _build_ui
    self._init_screens()
    ~~~~~~~~~~~~~~~~~~^^
  File "E:\android library managment system\android library management system for gdc11\gdc_desktop\ui\main_window.py", line 247, in _init_screens
    "dashboard":   DashboardScreen(self.fb, self.db),
                   ~~~~~~~~~~~~~~~^^^^^^^^^^^^^^^^^^
  File "E:\android library managment system\android library management system for gdc11\gdc_desktop\ui\screens\dashboard_screen.py", line 122, in __init__
    self._build_ui()
    ~~~~~~~~~~~~~~^^
  File "E:\android library managment system\android library management system for gdc11\gdc_desktop\ui\screens\dashboard_screen.py", line 154, in _build_ui
    banner_text_v.setAlignment(Qt.AlignmentFlag.Center)
                               ^^^^^^^^^^^^^^^^^^^^^^^
AttributeError: type object 'AlignmentFlag' has no attribute 'Center'
2026-08-05 17:30:53,138 - __main__ - ERROR - Login transition error
Traceback (most recent call last):
  File "E:\android library managment system\android library management system for gdc11\gdc_desktop\main.py", line 115, in _on_login_success
    self.main_window = MainWindow(self.auth_service, self.fb_service, self.db_helper, self.sync_service, self.directorate_sync)
                       ~~~~~~~~~~^^^^^^^^^^^^^^^^^^^^^^^^^^^^^^^^^^^^^^^^^^^^^^^^^^^^^^^^^^^^^^^^^^^^^^^^^^^^^^^^^^^^^^^^^^^^^^
  File "E:\android library managment system\android library management system for gdc11\gdc_desktop\ui\main_window.py", line 87, in __init__
    self._build_ui()
    ~~~~~~~~~~~~~~^^
  File "E:\android library managment system\android library management system for gdc11\gdc_desktop\ui\main_window.py", line 216, in _build_ui
    self._init_screens()
    ~~~~~~~~~~~~~~~~~~^^
  File "E:\android library managment system\android library management system for gdc11\gdc_desktop\ui\main_window.py", line 247, in _init_screens
    "dashboard":   DashboardScreen(self.fb, self.db),
                   ~~~~~~~~~~~~~~~^^^^^^^^^^^^^^^^^^
  File "E:\android library managment system\android library management system for gdc11\gdc_desktop\ui\screens\dashboard_screen.py", line 122, in __init__
    self._build_ui()
    ~~~~~~~~~~~~~~^^
  File "E:\android library managment system\android library management system for gdc11\gdc_desktop\ui\screens\dashboard_screen.py", line 154, in _build_ui
    banner_text_v.setAlignment(Qt.AlignmentFlag.Center)
                               ^^^^^^^^^^^^^^^^^^^^^^^
AttributeError: type object 'AlignmentFlag' has no attribute 'Center'
2026-08-05 17:42:24,090 - __main__ - ERROR - Login transition error
Traceback (most recent call last):
  File "E:\android library managment system\android library management system for gdc11\gdc_desktop\main.py", line 115, in _on_login_success
    self.main_window = MainWindow(self.auth_service, self.fb_service, self.db_helper, self.sync_service, self.directorate_sync)
                       ~~~~~~~~~~^^^^^^^^^^^^^^^^^^^^^^^^^^^^^^^^^^^^^^^^^^^^^^^^^^^^^^^^^^^^^^^^^^^^^^^^^^^^^^^^^^^^^^^^^^^^^^
  File "E:\android library managment system\android library management system for gdc11\gdc_desktop\ui\main_window.py", line 87, in __init__
    self._build_ui()
    ~~~~~~~~~~~~~~^^
  File "E:\android library managment system\android library management system for gdc11\gdc_desktop\ui\main_window.py", line 216, in _build_ui
    self._init_screens()
    ~~~~~~~~~~~~~~~~~~^^
  File "E:\android library managment system\android library management system for gdc11\gdc_desktop\ui\main_window.py", line 247, in _init_screens
    "dashboard":   DashboardScreen(self.fb, self.db),
                   ~~~~~~~~~~~~~~~^^^^^^^^^^^^^^^^^^
  File "E:\android library managment system\android library management system for gdc11\gdc_desktop\ui\screens\dashboard_screen.py", line 122, in __init__
    self._build_ui()
    ~~~~~~~~~~~~~~^^
  File "E:\android library managment system\android library management system for gdc11\gdc_desktop\ui\screens\dashboard_screen.py", line 154, in _build_ui
    banner_text_v.setAlignment(Qt.AlignmentFlag.Center)
                               ^^^^^^^^^^^^^^^^^^^^^^^
AttributeError: type object 'AlignmentFlag' has no attribute 'Center'
2026-08-05 17:48:15,510 - __main__ - ERROR - Login transition error
Traceback (most recent call last):
  File "E:\android library managment system\android library management system for gdc11\gdc_desktop\main.py", line 115, in _on_login_success
    self.main_window = MainWindow(self.auth_service, self.fb_service, self.db_helper, self.sync_service, self.directorate_sync)
                       ~~~~~~~~~~^^^^^^^^^^^^^^^^^^^^^^^^^^^^^^^^^^^^^^^^^^^^^^^^^^^^^^^^^^^^^^^^^^^^^^^^^^^^^^^^^^^^^^^^^^^^^^
  File "E:\android library managment system\android library management system for gdc11\gdc_desktop\ui\main_window.py", line 87, in __init__
    self._build_ui()
    ~~~~~~~~~~~~~~^^
  File "E:\android library managment system\android library management system for gdc11\gdc_desktop\ui\main_window.py", line 216, in _build_ui
    self._init_screens()
    ~~~~~~~~~~~~~~~~~~^^
  File "E:\android library managment system\android library management system for gdc11\gdc_desktop\ui\main_window.py", line 247, in _init_screens
    "dashboard":   DashboardScreen(self.fb, self.db),
                   ~~~~~~~~~~~~~~~^^^^^^^^^^^^^^^^^^
  File "E:\android library managment system\android library management system for gdc11\gdc_desktop\ui\screens\dashboard_screen.py", line 122, in __init__
    self._build_ui()
    ~~~~~~~~~~~~~~^^
  File "E:\android library managment system\android library management system for gdc11\gdc_desktop\ui\screens\dashboard_screen.py", line 154, in _build_ui
    banner_text_v.setAlignment(Qt.AlignmentFlag.Center)
                               ^^^^^^^^^^^^^^^^^^^^^^^
AttributeError: type object 'AlignmentFlag' has no attribute 'Center'
2026-08-05 18:12:39,331 - __main__ - ERROR - Login transition error
Traceback (most recent call last):
  File "E:\android library managment system\android library management system for gdc11\gdc_desktop\main.py", line 115, in _on_login_success
    self.main_window = MainWindow(self.auth_service, self.fb_service, self.db_helper, self.sync_service, self.directorate_sync)
                       ~~~~~~~~~~^^^^^^^^^^^^^^^^^^^^^^^^^^^^^^^^^^^^^^^^^^^^^^^^^^^^^^^^^^^^^^^^^^^^^^^^^^^^^^^^^^^^^^^^^^^^^^
  File "E:\android library managment system\android library management system for gdc11\gdc_desktop\ui\main_window.py", line 87, in __init__
    self._build_ui()
    ~~~~~~~~~~~~~~^^
  File "E:\android library managment system\android library management system for gdc11\gdc_desktop\ui\main_window.py", line 216, in _build_ui
    self._init_screens()
    ~~~~~~~~~~~~~~~~~~^^
  File "E:\android library managment system\android library management system for gdc11\gdc_desktop\ui\main_window.py", line 247, in _init_screens
    "dashboard":   DashboardScreen(self.fb, self.db),
                   ~~~~~~~~~~~~~~~^^^^^^^^^^^^^^^^^^
  File "E:\android library managment system\android library management system for gdc11\gdc_desktop\ui\screens\dashboard_screen.py", line 122, in __init__
    self._build_ui()
    ~~~~~~~~~~~~~~^^
  File "E:\android library managment system\android library management system for gdc11\gdc_desktop\ui\screens\dashboard_screen.py", line 156, in _build_ui
    c_name = getattr(config, 'COLLEGE_NAME', 'Government Degree College').upper()
                     ^^^^^^
NameError: name 'config' is not defined
2026-08-09 15:16:12,473 - grpc._plugin_wrapping - ERROR - AuthMetadataPluginCallback "<google.auth.transport.grpc.AuthMetadataPlugin object at 0x0000025525AF56A0>" raised exception!
Traceback (most recent call last):
  File "C:\Users\Jan\AppData\Local\Python\pythoncore-3.14-64\Lib\site-packages\urllib3\connectionpool.py", line 788, in urlopen
    response = self._make_request(
        conn,
    ...<10 lines>...
        **response_kw,
    )
  File "C:\Users\Jan\AppData\Local\Python\pythoncore-3.14-64\Lib\site-packages\urllib3\connectionpool.py", line 534, in _make_request
    response = conn.getresponse()
  File "C:\Users\Jan\AppData\Local\Python\pythoncore-3.14-64\Lib\site-packages\urllib3\connection.py", line 571, in getresponse
    httplib_response = super().getresponse()
  File "C:\Users\Jan\AppData\Local\Python\pythoncore-3.14-64\Lib\http\client.py", line 1450, in getresponse
    response.begin()
    ~~~~~~~~~~~~~~^^
  File "C:\Users\Jan\AppData\Local\Python\pythoncore-3.14-64\Lib\http\client.py", line 336, in begin
    version, status, reason = self._read_status()
                              ~~~~~~~~~~~~~~~~~^^
  File "C:\Users\Jan\AppData\Local\Python\pythoncore-3.14-64\Lib\http\client.py", line 305, in _read_status
    raise RemoteDisconnected("Remote end closed connection without"
                             " response")
http.client.RemoteDisconnected: Remote end closed connection without response

During handling of the above exception, another exception occurred:

Traceback (most recent call last):
  File "C:\Users\Jan\AppData\Local\Python\pythoncore-3.14-64\Lib\site-packages\requests\adapters.py", line 696, in send
    resp = conn.urlopen(
        method=request.method,
    ...<9 lines>...
        chunked=chunked,
    )
  File "C:\Users\Jan\AppData\Local\Python\pythoncore-3.14-64\Lib\site-packages\urllib3\connectionpool.py", line 842, in urlopen
    retries = retries.increment(
        method, url, error=new_e, _pool=self, _stacktrace=sys.exc_info()[2]
    )
  File "C:\Users\Jan\AppData\Local\Python\pythoncore-3.14-64\Lib\site-packages\urllib3\util\retry.py", line 498, in increment
    raise reraise(type(error), error, _stacktrace)
          ~~~~~~~^^^^^^^^^^^^^^^^^^^^^^^^^^^^^^^^^
  File "C:\Users\Jan\AppData\Local\Python\pythoncore-3.14-64\Lib\site-packages\urllib3\util\util.py", line 38, in reraise
    raise value.with_traceback(tb)
  File "C:\Users\Jan\AppData\Local\Python\pythoncore-3.14-64\Lib\site-packages\urllib3\connectionpool.py", line 788, in urlopen
    response = self._make_request(
        conn,
    ...<10 lines>...
        **response_kw,
    )
  File "C:\Users\Jan\AppData\Local\Python\pythoncore-3.14-64\Lib\site-packages\urllib3\connectionpool.py", line 534, in _make_request
    response = conn.getresponse()
  File "C:\Users\Jan\AppData\Local\Python\pythoncore-3.14-64\Lib\site-packages\urllib3\connection.py", line 571, in getresponse
    httplib_response = super().getresponse()
  File "C:\Users\Jan\AppData\Local\Python\pythoncore-3.14-64\Lib\http\client.py", line 1450, in getresponse
    response.begin()
    ~~~~~~~~~~~~~~^^
  File "C:\Users\Jan\AppData\Local\Python\pythoncore-3.14-64\Lib\http\client.py", line 336, in begin
    version, status, reason = self._read_status()
                              ~~~~~~~~~~~~~~~~~^^
  File "C:\Users\Jan\AppData\Local\Python\pythoncore-3.14-64\Lib\http\client.py", line 305, in _read_status
    raise RemoteDisconnected("Remote end closed connection without"
                             " response")
urllib3.exceptions.ProtocolError: ('Connection aborted.', RemoteDisconnected('Remote end closed connection without response'))

During handling of the above exception, another exception occurred:

Traceback (most recent call last):
  File "C:\Users\Jan\AppData\Local\Python\pythoncore-3.14-64\Lib\site-packages\google\auth\transport\requests.py", line 188, in __call__
    response = self.session.request(
        method, url, data=body, headers=headers, timeout=timeout, **kwargs
    )
  File "C:\Users\Jan\AppData\Local\Python\pythoncore-3.14-64\Lib\site-packages\requests\sessions.py", line 651, in request
    resp = self.send(prep, **send_kwargs)
  File "C:\Users\Jan\AppData\Local\Python\pythoncore-3.14-64\Lib\site-packages\requests\sessions.py", line 784, in send
    r = adapter.send(request, **kwargs)
  File "C:\Users\Jan\AppData\Local\Python\pythoncore-3.14-64\Lib\site-packages\requests\adapters.py", line 711, in send
    raise ConnectionError(err, request=request)
requests.exceptions.ConnectionError: ('Connection aborted.', RemoteDisconnected('Remote end closed connection without response'))

The above exception was the direct cause of the following exception:

Traceback (most recent call last):
  File "C:\Users\Jan\AppData\Local\Python\pythoncore-3.14-64\Lib\site-packages\grpc\_plugin_wrapping.py", line 110, in __call__
    self._metadata_plugin(
    ~~~~~~~~~~~~~~~~~~~~~^
        context, _AuthMetadataPluginCallback(callback_state, callback)
        ^^^^^^^^^^^^^^^^^^^^^^^^^^^^^^^^^^^^^^^^^^^^^^^^^^^^^^^^^^^^^^
    )
    ^
  File "C:\Users\Jan\AppData\Local\Python\pythoncore-3.14-64\Lib\site-packages\google\auth\transport\grpc.py", line 94, in __call__
    callback(self._get_authorization_headers(context), None)
             ~~~~~~~~~~~~~~~~~~~~~~~~~~~~~~~^^^^^^^^^
  File "C:\Users\Jan\AppData\Local\Python\pythoncore-3.14-64\Lib\site-packages\google\auth\transport\grpc.py", line 80, in _get_authorization_headers
    self._credentials.before_request(
    ~~~~~~~~~~~~~~~~~~~~~~~~~~~~~~~~^
        self._request, context.method_name, context.service_url, headers
        ^^^^^^^^^^^^^^^^^^^^^^^^^^^^^^^^^^^^^^^^^^^^^^^^^^^^^^^^^^^^^^^^
    )
    ^
  File "C:\Users\Jan\AppData\Local\Python\pythoncore-3.14-64\Lib\site-packages\google\auth\credentials.py", line 240, in before_request
    self._blocking_refresh(request)
    ~~~~~~~~~~~~~~~~~~~~~~^^^^^^^^^
  File "C:\Users\Jan\AppData\Local\Python\pythoncore-3.14-64\Lib\site-packages\google\auth\credentials.py", line 203, in _blocking_refresh
    self.refresh(request)
    ~~~~~~~~~~~~^^^^^^^^^
  File "C:\Users\Jan\AppData\Local\Python\pythoncore-3.14-64\Lib\site-packages\google\auth\credentials.py", line 517, in refresh
    self._perform_refresh_token(request)
    ~~~~~~~~~~~~~~~~~~~~~~~~~~~^^^^^^^^^
  File "C:\Users\Jan\AppData\Local\Python\pythoncore-3.14-64\Lib\site-packages\google\oauth2\service_account.py", line 461, in _perform_refresh_token
    access_token, expiry, _ = _client.jwt_grant(
                              ~~~~~~~~~~~~~~~~~^
        request, self._token_uri, assertion
        ^^^^^^^^^^^^^^^^^^^^^^^^^^^^^^^^^^^
    )
    ^
  File "C:\Users\Jan\AppData\Local\Python\pythoncore-3.14-64\Lib\site-packages\google\oauth2\_client.py", line 307, in jwt_grant
    response_data = _token_endpoint_request(
        request,
    ...<5 lines>...
        },
    )
  File "C:\Users\Jan\AppData\Local\Python\pythoncore-3.14-64\Lib\site-packages\google\oauth2\_client.py", line 267, in _token_endpoint_request
    ) = _token_endpoint_request_no_throw(
        ~~~~~~~~~~~~~~~~~~~~~~~~~~~~~~~~^
        request,
        ^^^^^^^^
    ...<6 lines>...
        **kwargs
        ^^^^^^^^
    )
    ^
  File "C:\Users\Jan\AppData\Local\Python\pythoncore-3.14-64\Lib\site-packages\google\oauth2\_client.py", line 196, in _token_endpoint_request_no_throw
    response = request(
        method="POST", url=token_uri, headers=headers_to_use, body=body, **kwargs
    )
  File "C:\Users\Jan\AppData\Local\Python\pythoncore-3.14-64\Lib\site-packages\google\auth\transport\requests.py", line 195, in __call__
    raise new_exc from caught_exc
google.auth.exceptions.TransportError: ('Connection aborted.', RemoteDisconnected('Remote end closed connection without response'))
2026-08-10 09:39:26,716 - __main__ - CRITICAL - Unhandled exception: Traceback (most recent call last):
  File "F:\AMNA work\android library managment system\android library management system for gdc11\gdc_desktop\ui\screens\issue_return_screen.py", line 401, in _on_issue_success
    self.adv.generate_issue_slip(record, member, path)
    ~~~~~~~~~~~~~~~~~~~~~~~~~~~~^^^^^^^^^^^^^^^^^^^^^^
  File "F:\AMNA work\android library managment system\android library management system for gdc11\gdc_desktop\services\advanced_service.py", line 629, in generate_issue_slip
    raise ImportError("reportlab is required. Run: pip install reportlab")
ImportError: reportlab is required. Run: pip install reportlab

2026-08-20 10:00:27,896 - __main__ - CRITICAL - Unhandled exception: Traceback (most recent call last):
  File "F:\AMNA work\android library managment system\android library management system for gdc11\gdc_desktop\ui\screens\digital_id_screen.py", line 254, in on_member_selected
    self.generate_qr(member)
    ~~~~~~~~~~~~~~~~^^^^^^^^
  File "F:\AMNA work\android library managment system\android library management system for gdc11\gdc_desktop\ui\screens\digital_id_screen.py", line 278, in generate_qr
    qimage = ImageQt.ImageQt(img)
  File "C:\Users\Jan\AppData\Local\Python\pythoncore-3.14-64\Lib\site-packages\PIL\ImageQt.py", line 194, in __init__
    im_data = _toqclass_helper(im)
  File "C:\Users\Jan\AppData\Local\Python\pythoncore-3.14-64\Lib\site-packages\PIL\ImageQt.py", line 144, in _toqclass_helper
    assert isinstance(im, Image.Image)
           ~~~~~~~~~~^^^^^^^^^^^^^^^^^
AssertionError

2026-08-20 10:00:58,959 - __main__ - CRITICAL - Unhandled exception: Traceback (most recent call last):
  File "F:\AMNA work\android library managment system\android library management system for gdc11\gdc_desktop\ui\screens\digital_id_screen.py", line 254, in on_member_selected
    self.generate_qr(member)
    ~~~~~~~~~~~~~~~~^^^^^^^^
  File "F:\AMNA work\android library managment system\android library management system for gdc11\gdc_desktop\ui\screens\digital_id_screen.py", line 278, in generate_qr
    qimage = ImageQt.ImageQt(img)
  File "C:\Users\Jan\AppData\Local\Python\pythoncore-3.14-64\Lib\site-packages\PIL\ImageQt.py", line 194, in __init__
    im_data = _toqclass_helper(im)
  File "C:\Users\Jan\AppData\Local\Python\pythoncore-3.14-64\Lib\site-packages\PIL\ImageQt.py", line 144, in _toqclass_helper
    assert isinstance(im, Image.Image)
           ~~~~~~~~~~^^^^^^^^^^^^^^^^^
AssertionError

2026-08-28 09:43:12,682 - __main__ - CRITICAL - Unhandled exception: Traceback (most recent call last):
  File "E:\android library managment system\android library management system for gdc11\gdc_desktop\ui\screens\digital_id_screen.py", line 254, in on_member_selected
    self.generate_qr(member)
    ~~~~~~~~~~~~~~~~^^^^^^^^
  File "E:\android library managment system\android library management system for gdc11\gdc_desktop\ui\screens\digital_id_screen.py", line 278, in generate_qr
    qimage = ImageQt.ImageQt(img)
  File "C:\Users\Jan\AppData\Local\Python\pythoncore-3.14-64\Lib\site-packages\PIL\ImageQt.py", line 194, in __init__
    im_data = _toqclass_helper(im)
  File "C:\Users\Jan\AppData\Local\Python\pythoncore-3.14-64\Lib\site-packages\PIL\ImageQt.py", line 144, in _toqclass_helper
    assert isinstance(im, Image.Image)
           ~~~~~~~~~~^^^^^^^^^^^^^^^^^
AssertionError

